// Jest Snapshot v1, https://goo.gl/fbAQLP

exports[`Theme config should match the specified values 1`] = `
{
  "color": {
    "background": "hsl(0, 0%, 100%)",
    "border": "hsl(0, 0%, 96%)",
    "error": "hsl(348, 83%, 47%)",
    "onBackground": "hsl(0, 0%, 19%)",
    "onBackgroundInteract": "hsl(7, 100%, 65%)",
    "onBackgroundLink": "hsl(7, 100%, 65%)",
    "onBackgroundLinkInteract": "hsl(7, 86%, 51%)",
    "onPrimary": "hsl(0, 0%, 100%)",
    "onSecondary": "hsl(0, 0%, 100%)",
    "onSecondarySurface": "hsl(0, 0%, 19%)",
    "onSecondarySurfaceVariant": "hsl(7, 100%, 65%)",
    "onSurface": "hsl(0, 0%, 19%);",
    "onSurfaceInteract": "hsl(7, 100%, 65%)",
    "onSurfaceVariant": "hsl(7, 100%, 65%)",
    "primary": "hsl(7, 100%, 65%)",
    "primaryBorder": "hsl(7, 100%, 65%)",
    "primaryBorderInteract": "hsl(7, 86%, 51%)",
    "primaryInteract": "hsl(7, 86%, 51%)",
    "secondBackground": "hsl(0, 0%, 96%)",
    "secondary": "hsl(0, 0%, 19%)",
    "secondaryBorder": "hsl(0, 0%, 19%)",
    "secondaryBorderInteract": "hsl(0, 0%, 16%)",
    "secondaryInteract": "hsl(0, 0%, 16%)",
    "secondarySurface": "hsl(0, 0%, 96%)",
    "surface": "hsl(0, 0%, 100%)",
    "tertiary": "hsl(46, 99%, 65%)",
    "text": "hsl(0, 0%, 19%)",
  },
  "component": {
    "brand": {
      "base": {
        "svgDot": {
          "fill": "hsl(7, 100%, 65%)",
        },
        "svgText": {
          "fill": "hsl(0, 0%, 19%)",
        },
      },
    },
  },
  "fontFamily": {
    "montserrat": "Montserrat, sans-serif",
    "poppins": "Poppins, sans-serif",
    "primary": "Montserrat, sans-serif",
    "secondary": "Poppins, sans-serif",
  },
  "fontWeight": {
    "bold": 700,
    "regular": 400,
    "semiBold": 600,
  },
  "screens": {
    "lg": "1024px",
    "md": "768px",
    "sm": "640px",
    "xl": "1280px",
    "xxl": "1536px",
  },
  "space": [
    0,
    0.2,
    0.4,
    0.8,
    1.6,
    2.4,
    3.2,
  ],
}
`;
